// Jest Snapshot v1, https://goo.gl/fbAQLP

exports[`useOperatingSystemFilter should create chip 1`] = `Array []`;

exports[`useOperatingSystemFilter should create chip 2`] = `
Array [
  Object {
    "category": "Operating System",
    "chips": Array [
      Object {
        "name": "RHEL 8.4",
        "value": "8.4",
      },
    ],
    "type": "operating_system",
  },
]
`;

exports[`useOperatingSystemFilter should create filter 1`] = `
Object {
  "filterValues": Object {
    "groups": Array [
      Object {
        "groupSelectable": true,
        "items": Array [],
        "label": "RHEL 9.0",
        "type": "checkbox",
        "value": "9.0",
      },
      Object {
        "groupSelectable": true,
        "items": Array [
          Object {
            "label": "RHEL 8.6",
            "type": "checkbox",
            "value": "8.6",
          },
          Object {
            "label": "RHEL 8.5",
            "type": "checkbox",
            "value": "8.5",
          },
          Object {
            "label": "RHEL 8.4",
            "type": "checkbox",
            "value": "8.4",
          },
          Object {
            "label": "RHEL 8.3",
            "type": "checkbox",
            "value": "8.3",
          },
          Object {
            "label": "RHEL 8.2",
            "type": "checkbox",
            "value": "8.2",
          },
          Object {
            "label": "RHEL 8.1",
            "type": "checkbox",
            "value": "8.1",
          },
        ],
        "label": "RHEL 8.0",
        "type": "checkbox",
        "value": "8.0",
      },
      Object {
        "groupSelectable": true,
        "items": Array [
          Object {
            "label": "RHEL 7.9",
            "type": "checkbox",
            "value": "7.9",
          },
          Object {
            "label": "RHEL 7.8",
            "type": "checkbox",
            "value": "7.8",
          },
          Object {
            "label": "RHEL 7.7",
            "type": "checkbox",
            "value": "7.7",
          },
          Object {
            "label": "RHEL 7.6",
            "type": "checkbox",
            "value": "7.6",
          },
          Object {
            "label": "RHEL 7.5",
            "type": "checkbox",
            "value": "7.5",
          },
          Object {
            "label": "RHEL 7.4",
            "type": "checkbox",
            "value": "7.4",
          },
          Object {
            "label": "RHEL 7.3",
            "type": "checkbox",
            "value": "7.3",
          },
          Object {
            "label": "RHEL 7.2",
            "type": "checkbox",
            "value": "7.2",
          },
          Object {
            "label": "RHEL 7.1",
            "type": "checkbox",
            "value": "7.1",
          },
        ],
        "label": "RHEL 7.0",
        "type": "checkbox",
        "value": "7.0",
      },
      Object {
        "groupSelectable": true,
        "items": Array [
          Object {
            "label": "RHEL 6.10",
            "type": "checkbox",
            "value": "6.10",
          },
          Object {
            "label": "RHEL 6.9",
            "type": "checkbox",
            "value": "6.9",
          },
          Object {
            "label": "RHEL 6.8",
            "type": "checkbox",
            "value": "6.8",
          },
          Object {
            "label": "RHEL 6.7",
            "type": "checkbox",
            "value": "6.7",
          },
          Object {
            "label": "RHEL 6.6",
            "type": "checkbox",
            "value": "6.6",
          },
          Object {
            "label": "RHEL 6.5",
            "type": "checkbox",
            "value": "6.5",
          },
          Object {
            "label": "RHEL 6.4",
            "type": "checkbox",
            "value": "6.4",
          },
          Object {
            "label": "RHEL 6.3",
            "type": "checkbox",
            "value": "6.3",
          },
          Object {
            "label": "RHEL 6.2",
            "type": "checkbox",
            "value": "6.2",
          },
          Object {
            "label": "RHEL 6.1",
            "type": "checkbox",
            "value": "6.1",
          },
        ],
        "label": "RHEL 6.0",
        "type": "checkbox",
        "value": "6.0",
      },
    ],
    "onChange": [Function],
    "selected": Array [],
  },
  "label": "Operating System",
  "onChange": [Function],
  "type": "group",
  "value": Array [],
}
`;
