// Jest Snapshot v1, https://goo.gl/fbAQLP

exports[`AppInfo should render correctly 1`] = `ReactWrapper {}`;
