// Jest Snapshot v1, https://goo.gl/fbAQLP

exports[`DetailWrapper DOM should render with data 1`] = `
<DocumentFragment>
  <div
    class="pf-c-drawer pf-m-expanded ins-c-inventory__drawer "
    data-testid="inventory-drawer"
  >
    <div
      class="pf-c-drawer__main"
    >
      <div
        class="pf-c-drawer__content"
      >
        <div
          class="pf-c-drawer__body"
        />
      </div>
      <div
        class="pf-c-drawer__panel"
        id="pf-drawer-panel-1"
      >
        <div
          class="pf-c-drawer__body"
        >
          <div
            class="pf-c-drawer__head"
          >
            <div
              class="pf-l-stack pf-m-gutter"
            >
              <div
                class="pf-l-stack__item"
              >
                <div
                  class="pf-l-split"
                >
                  <div
                    class="pf-l-split__item pf-m-fill"
                  >
                    <h3
                      class="pf-c-title pf-m-xl"
                      data-ouia-component-id="OUIA-Generated-Title-1"
                      data-ouia-component-type="PF4/Title"
                      data-ouia-safe="true"
                    />
                  </div>
                  <div
                    class="pf-l-split__item"
                  >
                    <a
                      class="ins-c-entity-detail__inv-link"
                      href="./insights/inventory/some-id"
                    >
                      Open in Inventory
                    </a>
                  </div>
                </div>
              </div>
            </div>
            <div
              class="pf-c-drawer__actions"
            >
              <div
                class="pf-c-drawer__close"
              >
                <button
                  aria-disabled="false"
                  aria-label="Close drawer panel"
                  class="pf-c-button pf-m-plain"
                  data-ouia-component-id="OUIA-Generated-Button-plain-1"
                  data-ouia-component-type="PF4/Button"
                  data-ouia-safe="true"
                  type="button"
                >
                  <svg
                    aria-hidden="true"
                    fill="currentColor"
                    height="1em"
                    role="img"
                    style="vertical-align: -0.125em;"
                    viewBox="0 0 352 512"
                    width="1em"
                  >
                    <path
                      d="M242.72 256l100.07-100.07c12.28-12.28 12.28-32.19 0-44.48l-22.24-22.24c-12.28-12.28-32.19-12.28-44.48 0L176 189.28 75.93 89.21c-12.28-12.28-32.19-12.28-44.48 0L9.21 111.45c-12.28 12.28-12.28 32.19 0 44.48L109.28 256 9.21 356.07c-12.28 12.28-12.28 32.19 0 44.48l22.24 22.24c12.28 12.28 32.2 12.28 44.48 0L176 322.72l100.07 100.07c12.28 12.28 32.2 12.28 44.48 0l22.24-22.24c12.28-12.28 12.28-32.19 0-44.48L242.72 256z"
                    />
                  </svg>
                </button>
              </div>
            </div>
          </div>
        </div>
        <div
          class="pf-c-drawer__body"
        >
          <div
            class="pf-l-stack ins-c-inventory__drawer--content"
          >
            <div
              class="pf-l-stack__item"
            >
              <div
                class="pf-l-stack pf-m-gutter ins-c-inventory__drawer-system-issues"
              >
                <div
                  class="pf-l-stack__item"
                >
                  <h4
                    class="pf-c-title pf-m-lg"
                    data-ouia-component-id="OUIA-Generated-Title-2"
                    data-ouia-component-type="PF4/Title"
                    data-ouia-safe="true"
                  >
                    Top system issues
                  </h4>
                </div>
                <div
                  class="pf-l-stack__item"
                >
                  <div
                    class="pf-l-level"
                  >
                    <div>
                      <div
                        class="pf-l-stack pf-m-gutter"
                      >
                        <div
                          class="pf-l-stack__item ins-c-inventory__drawer--title"
                        >
                          Applicable CVEs
                        </div>
                        <div
                          class="pf-l-stack__item"
                        >
                          <div
                            class="pf-c-skeleton ins-c-skeleton ins-c-skeleton__md"
                          >
                            <span
                              class="pf-u-screen-reader"
                            />
                          </div>
                        </div>
                      </div>
                    </div>
                    <div>
                      <div
                        class="pf-l-stack pf-m-gutter"
                      >
                        <div
                          class="pf-l-stack__item ins-c-inventory__drawer--title"
                        >
                          Applicable advisories
                        </div>
                        <div
                          class="pf-l-stack__item"
                        >
                          <div
                            class="pf-c-skeleton ins-c-skeleton ins-c-skeleton__md"
                          >
                            <span
                              class="pf-u-screen-reader"
                            />
                          </div>
                        </div>
                      </div>
                    </div>
                  </div>
                </div>
                <div
                  class="pf-l-stack__item"
                >
                  <div
                    class="pf-c-skeleton ins-c-skeleton ins-c-skeleton__md"
                  >
                    <span
                      class="pf-u-screen-reader"
                    />
                  </div>
                </div>
                <div
                  class="pf-c-skeleton ins-c-skeleton ins-c-skeleton__md"
                >
                  <span
                    class="pf-u-screen-reader"
                  />
                </div>
              </div>
            </div>
            <div
              class="pf-l-stack__item pf-m-fill ins-c-inventory__drawer--facts"
            >
              <div
                class="pf-l-grid ins-entity-facts"
              >
                <div
                  class="pf-l-grid__item pf-m-6-col-on-md"
                >
                  <div
                    class="pf-l-flex"
                  >
                    <div
                      class=""
                    >
                      UUID:
                    </div>
                    <div
                      class="pf-m-grow"
                    >
                      some-id
                    </div>
                  </div>
                  <div
                    class="pf-l-flex"
                  >
                    <div
                      class=""
                    >
                      Last seen:
                    </div>
                    <div
                      class="pf-m-grow"
                    >
                      <span
                        class="ins-c-inventory__culling-danger"
                      >
                        <svg
                          aria-hidden="true"
                          fill="currentColor"
                          height="1em"
                          role="img"
                          style="vertical-align: -0.125em;"
                          viewBox="0 0 512 512"
                          width="1em"
                        >
                          <path
                            d="M504 256c0 136.997-111.043 248-248 248S8 392.997 8 256C8 119.083 119.043 8 256 8s248 111.083 248 248zm-248 50c-25.405 0-46 20.595-46 46s20.595 46 46 46 46-20.595 46-46-20.595-46-46-46zm-43.673-165.346l7.418 136c.347 6.364 5.609 11.346 11.982 11.346h48.546c6.373 0 11.635-4.982 11.982-11.346l7.418-136c.375-6.874-5.098-12.654-11.982-12.654h-63.383c-6.884 0-12.356 5.78-11.981 12.654z"
                          />
                        </svg>
                        01 Jan 1970 00:00 UTC
                      </span>
                    </div>
                  </div>
                </div>
              </div>
            </div>
          </div>
        </div>
      </div>
    </div>
  </div>
</DocumentFragment>
`;

exports[`DetailWrapper DOM should render without data 1`] = `
<DocumentFragment>
  <div
    class="pf-c-drawer ins-c-inventory__drawer "
    data-testid="inventory-drawer"
  >
    <div
      class="pf-c-drawer__main"
    >
      <div
        class="pf-c-drawer__content"
      >
        <div
          class="pf-c-drawer__body"
        />
      </div>
      <div
        class="pf-c-drawer__panel"
        hidden=""
        id="pf-drawer-panel-0"
      />
    </div>
  </div>
</DocumentFragment>
`;
