// Jest Snapshot v1, https://goo.gl/fbAQLP

exports[`NoSystemsTable should render correctly - no data 1`] = `
<NoSystemsTable>
  <EmptyState
    variant="full"
  >
    <div
      className="pf-c-empty-state"
    >
      <div
        className="pf-c-empty-state__content"
      >
        <Title
          headingLevel="h5"
          size="lg"
        >
          <h5
            className="pf-c-title pf-m-lg"
            data-ouia-component-id="OUIA-Generated-Title-1"
            data-ouia-component-type="PF4/Title"
            data-ouia-safe={true}
          >
            No matching systems found
          </h5>
        </Title>
        <EmptyStateBody>
          <div
            className="pf-c-empty-state__body"
          >
            To continue, edit your filter settings and search again.
          </div>
        </EmptyStateBody>
      </div>
    </div>
  </EmptyState>
</NoSystemsTable>
`;
