// Jest Snapshot v1, https://goo.gl/fbAQLP

exports[`BasicInfo should render with tags 1`] = `
<DocumentFragment>
  <div
    class="pf-l-stack pf-m-gutter"
  >
    <div
      class="pf-l-stack__item"
    >
      <div
        class="pf-l-split"
      >
        <div
          class="pf-l-split__item pf-m-fill"
        >
          <h3
            class="pf-c-title pf-m-xl"
            data-ouia-component-id="OUIA-Generated-Title-4"
            data-ouia-component-type="PF4/Title"
            data-ouia-safe="true"
          >
            something
          </h3>
        </div>
        <div
          class="pf-l-split__item"
        >
          <a
            class="ins-c-entity-detail__inv-link"
            href="./insights/inventory/some-id"
          >
            Open in Inventory
          </a>
        </div>
      </div>
    </div>
    <div
      class="pf-l-stack__item"
    >
      <div
        class="pf-l-split pf-m-gutter"
      >
        <div
          class="pf-l-split__item"
        >
          Tags:
        </div>
        <div
          class="pf-l-split__item"
        >
          <div
            aria-label="Chip group category"
            class="pf-c-chip-group"
            data-ouia-component-type="PF4/ChipGroup"
            data-ouia-safe="true"
            role="group"
          >
            <div
              class="pf-c-chip-group__main"
            >
              <ul
                aria-label="Chip group category"
                class="pf-c-chip-group__list"
                role="list"
              >
                <li
                  class="pf-c-chip-group__list-item"
                >
                  <div
                    class="pf-c-chip"
                    data-ouia-component-id="OUIA-Generated-Chip-1"
                    data-ouia-component-type="PF4/Chip"
                    data-ouia-safe="true"
                  >
                    <span
                      class="pf-c-chip__text"
                      id="pf-random-id-1"
                    >
                      one/key=value
                    </span>
                  </div>
                </li>
                <li
                  class="pf-c-chip-group__list-item"
                >
                  <div
                    class="pf-c-chip"
                    data-ouia-component-id="OUIA-Generated-Chip-2"
                    data-ouia-component-type="PF4/Chip"
                    data-ouia-safe="true"
                  >
                    <span
                      class="pf-c-chip__text"
                      id="pf-random-id-2"
                    >
                      key=value
                    </span>
                  </div>
                </li>
                <li
                  class="pf-c-chip-group__list-item"
                >
                  <div
                    class="pf-c-chip"
                    data-ouia-component-id="OUIA-Generated-Chip-3"
                    data-ouia-component-type="PF4/Chip"
                    data-ouia-safe="true"
                  >
                    <span
                      class="pf-c-chip__text"
                      id="pf-random-id-3"
                    >
                      one/key
                    </span>
                  </div>
                </li>
                <li
                  class="pf-c-chip-group__list-item"
                >
                  <button
                    class="pf-c-chip pf-m-overflow"
                    data-ouia-component-id="OUIA-Generated-Chip-4"
                    data-ouia-component-type="PF4/OverflowChip"
                    data-ouia-safe="true"
                    type="button"
                  >
                    <span
                      class="pf-c-chip__text"
                    >
                      1 more
                    </span>
                  </button>
                </li>
              </ul>
            </div>
          </div>
        </div>
      </div>
    </div>
  </div>
</DocumentFragment>
`;
