// Jest Snapshot v1, https://goo.gl/fbAQLP

exports[`buildOSChip returnd chips 1`] = `
Array [
  Object {
    "category": "Operating System",
    "chips": Array [],
    "type": "operating_system",
  },
]
`;

exports[`buildOSFilterConfig appends a given config 1`] = `
Object {
  "filterValues": Object {
    "groups": Array [
      Object {
        "groupSelectable": true,
        "items": Array [],
        "label": "RHEL 9.0",
        "type": "checkbox",
        "value": "9.0",
      },
      Object {
        "groupSelectable": true,
        "items": Array [
          Object {
            "label": "RHEL 8.6",
            "type": "checkbox",
            "value": "8.6",
          },
          Object {
            "label": "RHEL 8.5",
            "type": "checkbox",
            "value": "8.5",
          },
          Object {
            "label": "RHEL 8.4",
            "type": "checkbox",
            "value": "8.4",
          },
          Object {
            "label": "RHEL 8.3",
            "type": "checkbox",
            "value": "8.3",
          },
          Object {
            "label": "RHEL 8.2",
            "type": "checkbox",
            "value": "8.2",
          },
          Object {
            "label": "RHEL 8.1",
            "type": "checkbox",
            "value": "8.1",
          },
        ],
        "label": "RHEL 8.0",
        "type": "checkbox",
        "value": "8.0",
      },
      Object {
        "groupSelectable": true,
        "items": Array [
          Object {
            "label": "RHEL 7.9",
            "type": "checkbox",
            "value": "7.9",
          },
          Object {
            "label": "RHEL 7.8",
            "type": "checkbox",
            "value": "7.8",
          },
          Object {
            "label": "RHEL 7.7",
            "type": "checkbox",
            "value": "7.7",
          },
          Object {
            "label": "RHEL 7.6",
            "type": "checkbox",
            "value": "7.6",
          },
          Object {
            "label": "RHEL 7.5",
            "type": "checkbox",
            "value": "7.5",
          },
          Object {
            "label": "RHEL 7.4",
            "type": "checkbox",
            "value": "7.4",
          },
          Object {
            "label": "RHEL 7.3",
            "type": "checkbox",
            "value": "7.3",
          },
          Object {
            "label": "RHEL 7.2",
            "type": "checkbox",
            "value": "7.2",
          },
          Object {
            "label": "RHEL 7.1",
            "type": "checkbox",
            "value": "7.1",
          },
        ],
        "label": "RHEL 7.0",
        "type": "checkbox",
        "value": "7.0",
      },
      Object {
        "groupSelectable": true,
        "items": Array [
          Object {
            "label": "RHEL 6.10",
            "type": "checkbox",
            "value": "6.10",
          },
          Object {
            "label": "RHEL 6.9",
            "type": "checkbox",
            "value": "6.9",
          },
          Object {
            "label": "RHEL 6.8",
            "type": "checkbox",
            "value": "6.8",
          },
          Object {
            "label": "RHEL 6.7",
            "type": "checkbox",
            "value": "6.7",
          },
          Object {
            "label": "RHEL 6.6",
            "type": "checkbox",
            "value": "6.6",
          },
          Object {
            "label": "RHEL 6.5",
            "type": "checkbox",
            "value": "6.5",
          },
          Object {
            "label": "RHEL 6.4",
            "type": "checkbox",
            "value": "6.4",
          },
          Object {
            "label": "RHEL 6.3",
            "type": "checkbox",
            "value": "6.3",
          },
          Object {
            "label": "RHEL 6.2",
            "type": "checkbox",
            "value": "6.2",
          },
          Object {
            "label": "RHEL 6.1",
            "type": "checkbox",
            "value": "6.1",
          },
        ],
        "label": "RHEL 6.0",
        "type": "checkbox",
        "value": "6.0",
      },
    ],
    "onChange": undefined,
    "selected": undefined,
  },
  "label": "Operating System",
  "type": "group",
}
`;

exports[`buildOSFilterConfig returns a filter configuration 1`] = `
Object {
  "filterValues": Object {
    "groups": Array [
      Object {
        "groupSelectable": true,
        "items": Array [],
        "label": "RHEL 9.0",
        "type": "checkbox",
        "value": "9.0",
      },
      Object {
        "groupSelectable": true,
        "items": Array [
          Object {
            "label": "RHEL 8.6",
            "type": "checkbox",
            "value": "8.6",
          },
          Object {
            "label": "RHEL 8.5",
            "type": "checkbox",
            "value": "8.5",
          },
          Object {
            "label": "RHEL 8.4",
            "type": "checkbox",
            "value": "8.4",
          },
          Object {
            "label": "RHEL 8.3",
            "type": "checkbox",
            "value": "8.3",
          },
          Object {
            "label": "RHEL 8.2",
            "type": "checkbox",
            "value": "8.2",
          },
          Object {
            "label": "RHEL 8.1",
            "type": "checkbox",
            "value": "8.1",
          },
        ],
        "label": "RHEL 8.0",
        "type": "checkbox",
        "value": "8.0",
      },
      Object {
        "groupSelectable": true,
        "items": Array [
          Object {
            "label": "RHEL 7.9",
            "type": "checkbox",
            "value": "7.9",
          },
          Object {
            "label": "RHEL 7.8",
            "type": "checkbox",
            "value": "7.8",
          },
          Object {
            "label": "RHEL 7.7",
            "type": "checkbox",
            "value": "7.7",
          },
          Object {
            "label": "RHEL 7.6",
            "type": "checkbox",
            "value": "7.6",
          },
          Object {
            "label": "RHEL 7.5",
            "type": "checkbox",
            "value": "7.5",
          },
          Object {
            "label": "RHEL 7.4",
            "type": "checkbox",
            "value": "7.4",
          },
          Object {
            "label": "RHEL 7.3",
            "type": "checkbox",
            "value": "7.3",
          },
          Object {
            "label": "RHEL 7.2",
            "type": "checkbox",
            "value": "7.2",
          },
          Object {
            "label": "RHEL 7.1",
            "type": "checkbox",
            "value": "7.1",
          },
        ],
        "label": "RHEL 7.0",
        "type": "checkbox",
        "value": "7.0",
      },
      Object {
        "groupSelectable": true,
        "items": Array [
          Object {
            "label": "RHEL 6.10",
            "type": "checkbox",
            "value": "6.10",
          },
          Object {
            "label": "RHEL 6.9",
            "type": "checkbox",
            "value": "6.9",
          },
          Object {
            "label": "RHEL 6.8",
            "type": "checkbox",
            "value": "6.8",
          },
          Object {
            "label": "RHEL 6.7",
            "type": "checkbox",
            "value": "6.7",
          },
          Object {
            "label": "RHEL 6.6",
            "type": "checkbox",
            "value": "6.6",
          },
          Object {
            "label": "RHEL 6.5",
            "type": "checkbox",
            "value": "6.5",
          },
          Object {
            "label": "RHEL 6.4",
            "type": "checkbox",
            "value": "6.4",
          },
          Object {
            "label": "RHEL 6.3",
            "type": "checkbox",
            "value": "6.3",
          },
          Object {
            "label": "RHEL 6.2",
            "type": "checkbox",
            "value": "6.2",
          },
          Object {
            "label": "RHEL 6.1",
            "type": "checkbox",
            "value": "6.1",
          },
        ],
        "label": "RHEL 6.0",
        "type": "checkbox",
        "value": "6.0",
      },
    ],
    "onChange": undefined,
    "selected": undefined,
  },
  "label": "Operating System",
  "type": "group",
}
`;

exports[`toGroupSelectionValue returns a select value for a group selection 1`] = `
Object {
  "7.0": Object {
    "7.0": true,
    "7.1": true,
    "7.2": true,
  },
  "8.0": Object {
    "8.5": true,
  },
  "9.0": Object {
    "9.1": true,
  },
}
`;
