// Jest Snapshot v1, https://goo.gl/fbAQLP

exports[`TagsModal DOM should render loading state correctly 1`] = `
<body
  class="pf-c-backdrop__open"
>
  <div
    aria-hidden="true"
  />
  <div>
    <div
      class="pf-c-backdrop"
    >
      <div
        class="pf-l-bullseye"
      >
        <div
          aria-describedby="pf-modal-part-2"
          aria-labelledby="pf-modal-part-1"
          aria-modal="true"
          class="pf-c-modal-box ins-c-tag-modal ins-c-inventory__tags-modal pf-m-md"
          data-ouia-component-id="OUIA-Generated-Modal-medium-1"
          data-ouia-component-type="PF4/ModalContent"
          data-ouia-safe="true"
          id="pf-modal-part-0"
          role="dialog"
          style="width: auto;"
        >
          <button
            aria-disabled="false"
            aria-label="Close"
            class="pf-c-button pf-m-plain"
            data-ouia-component-id="OUIA-Generated-Modal-medium-1-ModalBoxCloseButton"
            data-ouia-component-type="PF4/Button"
            data-ouia-safe="true"
            type="button"
          >
            <svg
              aria-hidden="true"
              fill="currentColor"
              height="1em"
              role="img"
              style="vertical-align: -0.125em;"
              viewBox="0 0 352 512"
              width="1em"
            >
              <path
                d="M242.72 256l100.07-100.07c12.28-12.28 12.28-32.19 0-44.48l-22.24-22.24c-12.28-12.28-32.19-12.28-44.48 0L176 189.28 75.93 89.21c-12.28-12.28-32.19-12.28-44.48 0L9.21 111.45c-12.28 12.28-12.28 32.19 0 44.48L109.28 256 9.21 356.07c-12.28 12.28-12.28 32.19 0 44.48l22.24 22.24c12.28 12.28 32.2 12.28 44.48 0L176 322.72l100.07 100.07c12.28 12.28 32.2 12.28 44.48 0l22.24-22.24c12.28-12.28 12.28-32.19 0-44.48L242.72 256z"
              />
            </svg>
          </button>
          <header
            class="pf-c-modal-box__header"
          >
            <h1
              class="pf-c-modal-box__title"
              id="pf-modal-part-1"
            >
              
              <span
                class="pf-c-modal-box__title-text"
              >
                All tags in inventory (undefined)
              </span>
            </h1>
          </header>
          <div
            class="pf-c-modal-box__body"
            id="pf-modal-part-2"
          >
            <div
              class="pf-c-toolbar  ins-c-primary-toolbar"
              data-ouia-component-id="PrimaryToolbar"
              data-ouia-component-type="PF4/Toolbar"
              data-ouia-safe="true"
              id="ins-primary-data-toolbar"
            >
              <div
                class="pf-c-toolbar__content"
              >
                <div
                  class="pf-c-toolbar__content-section"
                >
                  <div
                    class="pf-c-toolbar__group pf-m-filter-group ins-c-primary-toolbar__group-filter pf-m-spacer-md pf-m-space-items-lg"
                  >
                    <div
                      class="pf-c-toolbar__item"
                    >
                      <div
                        class="pf-c-dropdown ins-c-bulk-select"
                        data-ouia-component-id="BulkSelect"
                        data-ouia-component-type="PF4/Dropdown"
                        data-ouia-safe="true"
                      >
                        <div
                          class="pf-c-dropdown__toggle pf-m-split-button"
                        >
                          <label
                            class="pf-c-dropdown__toggle-check"
                            for="bulk-select-tags-toggle-checkbox"
                          >
                            <input
                              aria-invalid="false"
                              aria-label="Select all"
                              data-ouia-component-id="BulkSelect"
                              data-ouia-component-type="PF4/DropdownToggleCheckbox"
                              data-ouia-safe="true"
                              id="bulk-select-tags-toggle-checkbox"
                              type="checkbox"
                            />
                            
                          </label>
                          <button
                            aria-expanded="false"
                            aria-haspopup="true"
                            aria-label="Select"
                            class="pf-c-dropdown__toggle-button"
                            data-ouia-component-id="BulkSelect"
                            data-ouia-component-type="PF4/DropdownToggle"
                            data-ouia-safe="true"
                            id="pf-dropdown-toggle-id-0"
                            type="button"
                          >
                            <span
                              class=""
                            >
                              <svg
                                aria-hidden="true"
                                fill="currentColor"
                                height="1em"
                                role="img"
                                style="vertical-align: -0.125em;"
                                viewBox="0 0 320 512"
                                width="1em"
                              >
                                <path
                                  d="M31.3 192h257.3c17.8 0 26.7 21.5 14.1 34.1L174.1 354.8c-7.8 7.8-20.5 7.8-28.3 0L17.2 226.1C4.6 213.5 13.5 192 31.3 192z"
                                />
                              </svg>
                            </span>
                          </button>
                        </div>
                      </div>
                    </div>
                    <div
                      class="pf-c-toolbar__item ins-c-primary-toolbar__filter"
                    >
                      <div
                        class="pf-l-split ins-c-conditional-filter"
                      >
                        <div
                          class="pf-l-split__item pf-m-fill"
                        >
                          <input
                            aria-invalid="false"
                            aria-label="text input"
                            class="pf-c-form-control ins-c-conditional-filter "
                            data-ouia-component-id="ConditionalFilter"
                            data-ouia-component-type="PF4/TextInput"
                            data-ouia-safe="true"
                            placeholder="Filter tags"
                            type="text"
                            value=""
                            widget-type="InsightsInput"
                          />
                          <svg
                            aria-hidden="true"
                            class="ins-c-search-icon"
                            fill="currentColor"
                            height="1em"
                            role="img"
                            style="vertical-align: -0.125em;"
                            viewBox="0 0 512 512"
                            width="1em"
                          >
                            <path
                              d="M505 442.7L405.3 343c-4.5-4.5-10.6-7-17-7H372c27.6-35.3 44-79.7 44-128C416 93.1 322.9 0 208 0S0 93.1 0 208s93.1 208 208 208c48.3 0 92.7-16.4 128-44v16.3c0 6.4 2.5 12.5 7 17l99.7 99.7c9.4 9.4 24.6 9.4 33.9 0l28.3-28.3c9.4-9.4 9.4-24.6.1-34zM208 336c-70.7 0-128-57.2-128-128 0-70.7 57.2-128 128-128 70.7 0 128 57.2 128 128 0 70.7-57.2 128-128 128z"
                            />
                          </svg>
                        </div>
                      </div>
                    </div>
                  </div>
                  <div
                    class="pf-c-toolbar__item ins-c-primary-toolbar__pagination"
                  >
                    <div
                      class="pf-c-skeleton ins-c-skeleton ins-c-skeleton__lg"
                    >
                      <span
                        class="pf-u-screen-reader"
                      />
                    </div>
                  </div>
                </div>
                <div
                  class="pf-c-toolbar__expandable-content"
                  id="ins-primary-data-toolbar-expandable-content-0"
                >
                  <div
                    class="pf-c-toolbar__group"
                  />
                </div>
              </div>
              <div
                class="pf-c-toolbar__content pf-m-hidden"
                hidden=""
              >
                <div
                  class="pf-c-toolbar__group"
                />
              </div>
            </div>
            <table
              aria-label="Loading"
              class="pf-c-table pf-m-grid-md"
              data-ouia-component-id="OUIA-Generated-Table-2"
              data-ouia-component-type="PF4/Table"
              data-ouia-safe="true"
              role="grid"
            >
              <thead
                class=""
              >
                <tr
                  class=""
                  data-ouia-component-id="OUIA-Generated-TableRow-1"
                  data-ouia-component-type="PF4/TableRow"
                  data-ouia-safe="true"
                >
                  <th
                    class=""
                    data-key="0"
                    data-label="Name"
                    scope="col"
                  >
                    Name
                  </th>
                  <th
                    class="pf-m-width-30"
                    data-key="1"
                    data-label="Value"
                    scope="col"
                  >
                    Value
                  </th>
                  <th
                    class="pf-m-width-30"
                    data-key="2"
                    data-label="Tag source"
                    scope="col"
                  >
                    Tag source
                  </th>
                </tr>
              </thead>
              <tbody
                class=""
                role="rowgroup"
              >
                <tr
                  class=""
                  data-ouia-component-id="OUIA-Generated-TableRow-2"
                  data-ouia-component-type="PF4/TableRow"
                  data-ouia-safe="true"
                >
                  <td
                    class=""
                    data-key="0"
                    data-label="Name"
                  >
                    <div
                      class="pf-c-skeleton ins-c-skeleton ins-c-skeleton__md"
                    >
                      <span
                        class="pf-u-screen-reader"
                      />
                    </div>
                  </td>
                  <td
                    class=""
                    data-key="1"
                    data-label="Value"
                  >
                    <div
                      class="pf-c-skeleton ins-c-skeleton ins-c-skeleton__md"
                    >
                      <span
                        class="pf-u-screen-reader"
                      />
                    </div>
                  </td>
                  <td
                    class=""
                    data-key="2"
                    data-label="Tag source"
                  >
                    <div
                      class="pf-c-skeleton ins-c-skeleton ins-c-skeleton__md"
                    >
                      <span
                        class="pf-u-screen-reader"
                      />
                    </div>
                  </td>
                </tr>
                <tr
                  class=""
                  data-ouia-component-id="OUIA-Generated-TableRow-3"
                  data-ouia-component-type="PF4/TableRow"
                  data-ouia-safe="true"
                >
                  <td
                    class=""
                    data-key="0"
                    data-label="Name"
                  >
                    <div
                      class="pf-c-skeleton ins-c-skeleton ins-c-skeleton__md"
                    >
                      <span
                        class="pf-u-screen-reader"
                      />
                    </div>
                  </td>
                  <td
                    class=""
                    data-key="1"
                    data-label="Value"
                  >
                    <div
                      class="pf-c-skeleton ins-c-skeleton ins-c-skeleton__md"
                    >
                      <span
                        class="pf-u-screen-reader"
                      />
                    </div>
                  </td>
                  <td
                    class=""
                    data-key="2"
                    data-label="Tag source"
                  >
                    <div
                      class="pf-c-skeleton ins-c-skeleton ins-c-skeleton__md"
                    >
                      <span
                        class="pf-u-screen-reader"
                      />
                    </div>
                  </td>
                </tr>
                <tr
                  class=""
                  data-ouia-component-id="OUIA-Generated-TableRow-4"
                  data-ouia-component-type="PF4/TableRow"
                  data-ouia-safe="true"
                >
                  <td
                    class=""
                    data-key="0"
                    data-label="Name"
                  >
                    <div
                      class="pf-c-skeleton ins-c-skeleton ins-c-skeleton__md"
                    >
                      <span
                        class="pf-u-screen-reader"
                      />
                    </div>
                  </td>
                  <td
                    class=""
                    data-key="1"
                    data-label="Value"
                  >
                    <div
                      class="pf-c-skeleton ins-c-skeleton ins-c-skeleton__md"
                    >
                      <span
                        class="pf-u-screen-reader"
                      />
                    </div>
                  </td>
                  <td
                    class=""
                    data-key="2"
                    data-label="Tag source"
                  >
                    <div
                      class="pf-c-skeleton ins-c-skeleton ins-c-skeleton__md"
                    >
                      <span
                        class="pf-u-screen-reader"
                      />
                    </div>
                  </td>
                </tr>
                <tr
                  class=""
                  data-ouia-component-id="OUIA-Generated-TableRow-5"
                  data-ouia-component-type="PF4/TableRow"
                  data-ouia-safe="true"
                >
                  <td
                    class=""
                    data-key="0"
                    data-label="Name"
                  >
                    <div
                      class="pf-c-skeleton ins-c-skeleton ins-c-skeleton__md"
                    >
                      <span
                        class="pf-u-screen-reader"
                      />
                    </div>
                  </td>
                  <td
                    class=""
                    data-key="1"
                    data-label="Value"
                  >
                    <div
                      class="pf-c-skeleton ins-c-skeleton ins-c-skeleton__md"
                    >
                      <span
                        class="pf-u-screen-reader"
                      />
                    </div>
                  </td>
                  <td
                    class=""
                    data-key="2"
                    data-label="Tag source"
                  >
                    <div
                      class="pf-c-skeleton ins-c-skeleton ins-c-skeleton__md"
                    >
                      <span
                        class="pf-u-screen-reader"
                      />
                    </div>
                  </td>
                </tr>
                <tr
                  class=""
                  data-ouia-component-id="OUIA-Generated-TableRow-6"
                  data-ouia-component-type="PF4/TableRow"
                  data-ouia-safe="true"
                >
                  <td
                    class=""
                    data-key="0"
                    data-label="Name"
                  >
                    <div
                      class="pf-c-skeleton ins-c-skeleton ins-c-skeleton__md"
                    >
                      <span
                        class="pf-u-screen-reader"
                      />
                    </div>
                  </td>
                  <td
                    class=""
                    data-key="1"
                    data-label="Value"
                  >
                    <div
                      class="pf-c-skeleton ins-c-skeleton ins-c-skeleton__md"
                    >
                      <span
                        class="pf-u-screen-reader"
                      />
                    </div>
                  </td>
                  <td
                    class=""
                    data-key="2"
                    data-label="Tag source"
                  >
                    <div
                      class="pf-c-skeleton ins-c-skeleton ins-c-skeleton__md"
                    >
                      <span
                        class="pf-u-screen-reader"
                      />
                    </div>
                  </td>
                </tr>
                <tr
                  class=""
                  data-ouia-component-id="OUIA-Generated-TableRow-7"
                  data-ouia-component-type="PF4/TableRow"
                  data-ouia-safe="true"
                >
                  <td
                    class=""
                    data-key="0"
                    data-label="Name"
                  >
                    <div
                      class="pf-c-skeleton ins-c-skeleton ins-c-skeleton__md"
                    >
                      <span
                        class="pf-u-screen-reader"
                      />
                    </div>
                  </td>
                  <td
                    class=""
                    data-key="1"
                    data-label="Value"
                  >
                    <div
                      class="pf-c-skeleton ins-c-skeleton ins-c-skeleton__md"
                    >
                      <span
                        class="pf-u-screen-reader"
                      />
                    </div>
                  </td>
                  <td
                    class=""
                    data-key="2"
                    data-label="Tag source"
                  >
                    <div
                      class="pf-c-skeleton ins-c-skeleton ins-c-skeleton__md"
                    >
                      <span
                        class="pf-u-screen-reader"
                      />
                    </div>
                  </td>
                </tr>
                <tr
                  class=""
                  data-ouia-component-id="OUIA-Generated-TableRow-8"
                  data-ouia-component-type="PF4/TableRow"
                  data-ouia-safe="true"
                >
                  <td
                    class=""
                    data-key="0"
                    data-label="Name"
                  >
                    <div
                      class="pf-c-skeleton ins-c-skeleton ins-c-skeleton__md"
                    >
                      <span
                        class="pf-u-screen-reader"
                      />
                    </div>
                  </td>
                  <td
                    class=""
                    data-key="1"
                    data-label="Value"
                  >
                    <div
                      class="pf-c-skeleton ins-c-skeleton ins-c-skeleton__md"
                    >
                      <span
                        class="pf-u-screen-reader"
                      />
                    </div>
                  </td>
                  <td
                    class=""
                    data-key="2"
                    data-label="Tag source"
                  >
                    <div
                      class="pf-c-skeleton ins-c-skeleton ins-c-skeleton__md"
                    >
                      <span
                        class="pf-u-screen-reader"
                      />
                    </div>
                  </td>
                </tr>
                <tr
                  class=""
                  data-ouia-component-id="OUIA-Generated-TableRow-9"
                  data-ouia-component-type="PF4/TableRow"
                  data-ouia-safe="true"
                >
                  <td
                    class=""
                    data-key="0"
                    data-label="Name"
                  >
                    <div
                      class="pf-c-skeleton ins-c-skeleton ins-c-skeleton__md"
                    >
                      <span
                        class="pf-u-screen-reader"
                      />
                    </div>
                  </td>
                  <td
                    class=""
                    data-key="1"
                    data-label="Value"
                  >
                    <div
                      class="pf-c-skeleton ins-c-skeleton ins-c-skeleton__md"
                    >
                      <span
                        class="pf-u-screen-reader"
                      />
                    </div>
                  </td>
                  <td
                    class=""
                    data-key="2"
                    data-label="Tag source"
                  >
                    <div
                      class="pf-c-skeleton ins-c-skeleton ins-c-skeleton__md"
                    >
                      <span
                        class="pf-u-screen-reader"
                      />
                    </div>
                  </td>
                </tr>
                <tr
                  class=""
                  data-ouia-component-id="OUIA-Generated-TableRow-10"
                  data-ouia-component-type="PF4/TableRow"
                  data-ouia-safe="true"
                >
                  <td
                    class=""
                    data-key="0"
                    data-label="Name"
                  >
                    <div
                      class="pf-c-skeleton ins-c-skeleton ins-c-skeleton__md"
                    >
                      <span
                        class="pf-u-screen-reader"
                      />
                    </div>
                  </td>
                  <td
                    class=""
                    data-key="1"
                    data-label="Value"
                  >
                    <div
                      class="pf-c-skeleton ins-c-skeleton ins-c-skeleton__md"
                    >
                      <span
                        class="pf-u-screen-reader"
                      />
                    </div>
                  </td>
                  <td
                    class=""
                    data-key="2"
                    data-label="Tag source"
                  >
                    <div
                      class="pf-c-skeleton ins-c-skeleton ins-c-skeleton__md"
                    >
                      <span
                        class="pf-u-screen-reader"
                      />
                    </div>
                  </td>
                </tr>
                <tr
                  class=""
                  data-ouia-component-id="OUIA-Generated-TableRow-11"
                  data-ouia-component-type="PF4/TableRow"
                  data-ouia-safe="true"
                >
                  <td
                    class=""
                    data-key="0"
                    data-label="Name"
                  >
                    <div
                      class="pf-c-skeleton ins-c-skeleton ins-c-skeleton__md"
                    >
                      <span
                        class="pf-u-screen-reader"
                      />
                    </div>
                  </td>
                  <td
                    class=""
                    data-key="1"
                    data-label="Value"
                  >
                    <div
                      class="pf-c-skeleton ins-c-skeleton ins-c-skeleton__md"
                    >
                      <span
                        class="pf-u-screen-reader"
                      />
                    </div>
                  </td>
                  <td
                    class=""
                    data-key="2"
                    data-label="Tag source"
                  >
                    <div
                      class="pf-c-skeleton ins-c-skeleton ins-c-skeleton__md"
                    >
                      <span
                        class="pf-u-screen-reader"
                      />
                    </div>
                  </td>
                </tr>
              </tbody>
            </table>
          </div>
          <footer
            class="pf-c-modal-box__footer"
          >
            <button
              aria-disabled="true"
              class="pf-c-button pf-m-primary pf-m-disabled"
              data-ouia-component-id="OUIA-Generated-Button-primary-1"
              data-ouia-component-type="PF4/Button"
              data-ouia-safe="true"
              disabled=""
              type="button"
            >
              Apply 
              tags
            </button>
            <button
              aria-disabled="false"
              class="pf-c-button pf-m-link"
              data-ouia-component-id="OUIA-Generated-Button-link-1"
              data-ouia-component-type="PF4/Button"
              data-ouia-safe="true"
              type="button"
            >
              Cancel
            </button>
          </footer>
        </div>
      </div>
    </div>
  </div>
</body>
`;
